exports[`MyComponent renders 1`] = `
<MyComponent
  msg="foo" />
`;
